// Jest Snapshot v1, https://goo.gl/fbAQLP

exports[`rendering App component correctly App matches the snapshot 1`] = `
<div
  className="App"
>
  <h1
    className="App-header text-center"
  >
    To-Do List
  </h1>
  <span>
    Enter text into the input field to add items to your list
  </span>
  <span>
    Click the 'X' to remove the item from your list
  </span>
  <span>
    Click the item to mark it as complete
  </span>
  <div
    className="input-container"
  >
    <input
      onChange={[Function]}
      onKeyPress={[Function]}
      placeholder="Input to do"
      type="text"
      value=""
    />
    <button
      onClick={[Function]}
      type="button"
    >
      âŠ•
    </button>
  </div>
  <ul
    className="todo-list"
  />
</div>
`;
